[10:40:02] [ML Policy] Computing DP allocation: loss=6.0%, budget=20%
[10:40:02] AnalyticalOptimizer.optimize: K=4 LODs, loss_rate=0.060, budget=20.00%, total_packets=81413, baseline_rec=0.9400
[10:40:02]   LOD 0: 1 packets, 1 gaussians, weight=1.0000
[10:40:02]   LOD 1: 64 packets, 356 gaussians, weight=0.5000
[10:40:02]   LOD 2: 1064 packets, 5967 gaussians, weight=0.3333
[10:40:02]   LOD 3: 80284 packets, 450621 gaussians, weight=0.2500
[10:40:02]   max_parity_budget=16282 packets
[10:40:02]   LOD 0: 33 candidates (gaussians=1)
[10:40:02]   LOD 1: 33 candidates (gaussians=356)
[10:40:02]   LOD 2: 33 candidates (gaussians=5967)
[10:40:02]   LOD 3: 3 candidates (gaussians=450621)
[10:40:02]   DP result: best_benefit=29.170060, best_parity=16273/16282 (19.99%)
[10:40:02]   LOD 0: RS(2,1) recovery=0.9964 parity=1 (vs baseline 0.9400)
[10:40:02]   LOD 1: RS(8,8) recovery=0.9400 parity=0 (vs baseline 0.9400)
[10:40:02]   LOD 2: RS(12,10) recovery=0.9684 parity=214 (vs baseline 0.9400)
[10:40:02]   LOD 3: RS(12,10) recovery=0.9684 parity=16058 (vs baseline 0.9400)
[10:40:02]   Final: overhead=19.99%, wrr=0.9684 (baseline=0.9400, Δ=+0.0284)
[10:40:02] [ML Policy] FECAllocation(overhead=19.99%, wrr=0.9684, baseline=94.0% loss → Δ=+0.0284)
  LOD 0: RS(2,1) recovery=0.9964 bw=0.0000
  LOD 1: RS(8,8) recovery=0.9400 bw=0.0000
  LOD 2: RS(12,10) recovery=0.9684 bw=0.0026
  LOD 3: RS(12,10) recovery=0.9684 bw=0.1972
[10:40:02] Connected to 127.0.0.1:5200 [FEC ON + ML]
[10:46:53] Frame complete | 88510 packets received | 108.07 MB → /root/uep-gs/experiment01/ml_received/ml_fec_loss0.06.ply
[10:46:53] Done.
