[10:46:56] [ML Policy] Computing DP allocation: loss=10.0%, budget=20%
[10:46:56] AnalyticalOptimizer.optimize: K=4 LODs, loss_rate=0.100, budget=20.00%, total_packets=81413, baseline_rec=0.9000
[10:46:56]   LOD 0: 1 packets, 1 gaussians, weight=1.0000
[10:46:56]   LOD 1: 64 packets, 356 gaussians, weight=0.5000
[10:46:56]   LOD 2: 1064 packets, 5967 gaussians, weight=0.3333
[10:46:56]   LOD 3: 80284 packets, 450621 gaussians, weight=0.2500
[10:46:56]   max_parity_budget=16282 packets
[10:46:56]   LOD 0: 31 candidates (gaussians=1)
[10:46:56]   LOD 1: 31 candidates (gaussians=356)
[10:46:56]   LOD 2: 31 candidates (gaussians=5967)
[10:46:56]   LOD 3: 1 candidates (gaussians=450621)
[10:46:56]   DP result: best_benefit=11.270402, best_parity=565/16282 (0.69%)
[10:46:56]   LOD 0: RS(2,1) recovery=0.9900 parity=1 (vs baseline 0.9000)
[10:46:56]   LOD 1: RS(12,8) recovery=0.9957 parity=32 (vs baseline 0.9000)
[10:46:56]   LOD 2: RS(12,8) recovery=0.9957 parity=532 (vs baseline 0.9000)
[10:46:56]   LOD 3: RS(8,8) recovery=0.9000 parity=0 (vs baseline 0.9000)
[10:46:56]   Final: overhead=0.69%, wrr=0.9018 (baseline=0.9000, Δ=+0.0018)
[10:46:56] [ML Policy] FECAllocation(overhead=0.69%, wrr=0.9018, baseline=90.0% loss → Δ=+0.0018)
  LOD 0: RS(2,1) recovery=0.9900 bw=0.0000
  LOD 1: RS(12,8) recovery=0.9957 bw=0.0004
  LOD 2: RS(12,8) recovery=0.9957 bw=0.0065
  LOD 3: RS(8,8) recovery=0.9000 bw=0.0000
[10:46:56] Connected to 127.0.0.1:5200 [FEC ON + ML]
[10:47:05] Frame complete | 71839 packets received | 108.07 MB → /root/uep-gs/experiment01/ml_received/ml_fec_loss0.10.ply
[10:47:05] Done.
